Flutter crash report.
Please report a bug at https://github.com/flutter/flutter/issues.

## command

flutter test test/cloud_llm_service_test.dart

## exception

ShaderCompilerException: ShaderCompilerException: Shader compilation of "/Users/andrewhyungulee/.pub-cache/hosted/pub.dev/liquid_glass_renderer-0.2.0-dev.4/lib/assets/shaders/liquid_glass_geometry_blended.frag" to "build/unit_test_assets/packages/liquid_glass_renderer/lib/assets/shaders/liquid_glass_geometry_blended.frag" failed with exit code 1.
impellerc stdout:

impellerc stderr:
Could not write file to "build/unit_test_assets/packages/liquid_glass_renderer/lib/assets/shaders/liquid_glass_geometry_blended.frag.spirv"




```
#0      ShaderCompiler.compileShader (package:flutter_tools/src/build_system/tools/shader_compiler.dart:196:9)
<asynchronous suspension>
#1      writeBundle.<anonymous closure> (package:flutter_tools/src/bundle_builder.dart:208:25)
<asynchronous suspension>
#2      Future.wait.<anonymous closure> (dart:async/future.dart:546:21)
<asynchronous suspension>
#3      writeBundle (package:flutter_tools/src/bundle_builder.dart:171:3)
<asynchronous suspension>
#4      TestCommand._buildTestAsset (package:flutter_tools/src/commands/test.dart:791:7)
<asynchronous suspension>
#5      TestCommand.runCommand (package:flutter_tools/src/commands/test.dart:487:7)
<asynchronous suspension>
#6      FlutterCommand.run.<anonymous closure> (package:flutter_tools/src/runner/flutter_command.dart:1590:27)
<asynchronous suspension>
#7      AppContext.run.<anonymous closure> (package:flutter_tools/src/base/context.dart:154:19)
<asynchronous suspension>
#8      CommandRunner.runCommand (package:args/command_runner.dart:212:13)
<asynchronous suspension>
#9      FlutterCommandRunner.runCommand.<anonymous closure> (package:flutter_tools/src/runner/flutter_command_runner.dart:496:9)
<asynchronous suspension>
#10     AppContext.run.<anonymous closure> (package:flutter_tools/src/base/context.dart:154:19)
<asynchronous suspension>
#11     FlutterCommandRunner.runCommand (package:flutter_tools/src/runner/flutter_command_runner.dart:431:5)
<asynchronous suspension>
#12     FlutterCommandRunner.run.<anonymous closure> (package:flutter_tools/src/runner/flutter_command_runner.dart:307:33)
<asynchronous suspension>
#13     run.<anonymous closure>.<anonymous closure> (package:flutter_tools/runner.dart:104:11)
<asynchronous suspension>
#14     AppContext.run.<anonymous closure> (package:flutter_tools/src/base/context.dart:154:19)
<asynchronous suspension>
#15     main (package:flutter_tools/executable.dart:103:3)
<asynchronous suspension>
```

## flutter doctor

```
[✓] Flutter (Channel stable, 3.41.2, on macOS 26.3.1 25D2128 darwin-arm64, locale en-KR) [183ms]
    • Flutter version 3.41.2 on channel stable at /Users/andrewhyungulee/MOSS/flutter
    • Upstream repository https://github.com/flutter/flutter.git
    • Framework revision 90673a4eef (5 weeks ago), 2026-02-18 13:54:59 -0800
    • Engine revision 6c0baaebf7
    • Dart version 3.11.0
    • DevTools version 2.54.1
    • Feature flags: enable-web, enable-linux-desktop, enable-macos-desktop, enable-windows-desktop, enable-android, enable-ios, cli-animations, enable-native-assets, omit-legacy-version-file, enable-lldb-debugging, enable-uiscene-migration

[✓] Android toolchain - develop for Android devices (Android SDK version 35.0.1) [2.0s]
    • Android SDK at /Users/andrewhyungulee/Library/Android/sdk
    • Emulator version 35.4.9.0 (build_id 13025442) (CL:N/A)
    • Platform android-36, build-tools 35.0.1
    • ANDROID_SDK_ROOT = /Users/andrewhyungulee/Library/Android/sdk
    • Java binary at: /Applications/Android Studio.app/Contents/jbr/Contents/Home/bin/java
      This is the JDK bundled with the latest Android Studio installation on this machine.
      To manually set the JDK path, use: `flutter config --jdk-dir="path/to/jdk"`.
    • Java version OpenJDK Runtime Environment (build 21.0.5+-12932927-b750.29)
    • All Android licenses accepted.

[✓] Xcode - develop for iOS and macOS (Xcode 26.2) [986ms]
    • Xcode at /Applications/Xcode.app/Contents/Developer
    • Build 17C52
    • CocoaPods version 1.16.2

[✓] Chrome - develop for the web [4ms]
    • Chrome at /Applications/Google Chrome.app/Contents/MacOS/Google Chrome

[✓] Connected device (3 available) [6.4s]
    • Andrew’s iPhone (mobile) • 00008120-00041C522280201E • ios            • iOS 18.7.2 22H124
    • macOS (desktop)          • macos                     • darwin-arm64   • macOS 26.3.1 25D2128 darwin-arm64
    • Chrome (web)             • chrome                    • web-javascript • Google Chrome 146.0.7680.153
    ! Error: Browsing on the local area network for Hansol의 iPhone. Ensure the device is unlocked and attached with a cable or associated with the same local area network as this Mac.
      The device must be opted into Developer Mode to connect wirelessly. (code -27)

[✓] Network resources [289ms]
    • All expected network resources are available.

• No issues found!
```
